Welcome to the Simple Expression Evaluator.
Enter one expression per line, end with ^D

   1: 1182
   2: 8865
   3: 10047
   4: 10047
   5: 6698
   6: -6698
   7: -6698
   8: 6698
   9: 
