Welcome to the Simple Expression Evaluator.
Enter one expression per line, end with ^D

   1: -25
   2: 4
   3: 100
   4: 21
   5: 21
   6: 3
   7: -50
   8: 106
   9: 6
  10: 1
  11: -4
  12: 
