Welcome to the Simple Expression Evaluator.
Enter one expression per line, end with ^D

   1: 1
   2: 1
   3: 2
   4: 4
   5: 8
   6: 16
   7: 32
   8: 64
   9: 27
  10: 54
  11: 7
  12: 14
  13: 28
  14: 56
  15: 11
  16: 22
  17: 44
  18: 88
  19: 75
  20: 49
  21: 98
  22: 95
  23: 89
  24: 77
  25: 53
  26: 5
  27: 10
  28: 20
  29: 40
  30: 80
  31: 59
  32: 17
  33: 34
  34: 68
  35: 35
  36: 70
  37: 39
  38: 78
  39: 55
  40: 9
  41: 18
  42: 36
  43: 72
  44: 43
  45: 86
  46: 71
  47: 41
  48: 82
  49: 63
  50: 25
  51: 3
  52: 75
  53: 49
  54: 98
  55: 95
  56: 89
  57: 77
  58: 53
  59: 5
  60: 10
  61: 20
  62: 40
  63: 80
  64: 59
  65: 17
  66: 34
  67: 68
  68: 35
  69: 70
  70: 39
  71: 78
  72: 55
  73: 9
  74: 18
  75: 36
  76: 72
  77: 43
  78: 86
  79: 71
  80: 41
  81: 82
  82: 63
  83: 25
  84: 50
  85: 100
  86: 99
  87: 97
  88: 93
  89: 85
  90: 69
  91: 37
  92: 74
  93: 47
  94: 94
  95: 87
  96: 73
  97: 45
  98: 90
  99: 79
 100: 57
 101: 13
 102: 26
 103: 52
 104: 3
 105: 6
 106: 12
 107: 24
 108: 48
 109: 96
 110: 91
 111: 
