Welcome to the Simple Expression Evaluator.
Enter one expression per line, end with ^D

   1: 5
   2: 5
   3: 10
   4: 20
   5: 40
   6: 80
   7: 59
   8: 17
   9: 34
  10: 68
  11: 35
  12: 70
  13: 39
  14: 78
  15: 55
  16: 9
  17: 18
  18: 36
  19: 72
  20: 43
  21: 86
  22: 71
  23: 41
  24: 82
  25: 63
  26: 25
  27: 50
  28: 100
  29: 99
  30: 97
  31: 93
  32: 85
  33: 69
  34: 37
  35: 74
  36: 47
  37: 94
  38: 87
  39: 73
  40: 45
  41: 90
  42: 79
  43: 57
  44: 13
  45: 26
  46: 52
  47: 3
  48: 6
  49: 12
  50: 24
  51: 
