Welcome to the Simple Expression Evaluator.
Enter one expression per line, end with ^D

   1: 1
   2: 4
   3: 9
   4: 14
   5: 28
   6: 56
   7: 112
   8: 224
   9: 448
  10: 896
  11: 5486
  12: 3053
  13: 6106
  14: 4293
  15: 667
  16: 1334
  17: 2668
  18: 5336
  19: 2753
  20: 5506
  21: 1664
  22: 3328
  23: 6656
  24: 5393
  25: 2867
  26: 5734
  27: 3549
  28: 7098
  29: 6277
  30: 4635
  31: 4653
  32: 1387
  33: 2774
  34: 5548
  35: 3177
  36: 6354
  37: 4789
  38: 1659
  39: 3318
  40: 6636
  41: 6237
  42: 4555
  43: 1191
  44: 2382
  45: 4764
  46: 1609
  47: 3218
  48: 6436
  49: 4953
  50: 1987
  51: 3148
  52: 6296
  53: 4673
  54: 1427
  55: 2854
  56: 5708
  57: 3497
  58: 6994
  59: 6069
  60: 4219
  61: 1413
  62: 2826
  63: 5652
  64: 3385
  65: 6770
  66: 5621
  67: 3323
  68: 6646
  69: 5373
  70: 2827
  71: 1577
  72: 3154
  73: 6308
  74: 4697
  75: 1475
  76: 2950
  77: 5900
  78: 3881
  79: 7762
  80: 7605
  81: 2688
  82: 5376
  83: 2833
  84: 5666
  85: 3413
  86: 6826
  87: 5733
  88: 3547
  89: 7094
  90: 6269
  91: 2993
  92: 5986
  93: 4053
  94: 187
  95: 374
  96: 748
  97: 1496
  98: 2992
  99: 5984
 100: 4049
 101: 3378
 102: 6756
 103: 5593
 104: 3267
 105: 6534
 106: 5149
 107: 2379
 108: 4758
 109: 1597
 110: 3194
 111: 6388
 112: 4857
 113: 1795
 114: 3590
 115: 2455
 116: 4910
 117: 1901
 118: 3802
 119: 7604
 120: 7289
 121: 7735
 122: 7551
 123: 7183
 124: 6447
 125: 4975
 126: 6850
 127: 5781
 128: 3643
 129: 7286
 130: 6653
 131: 7124
 132: 6329
 133: 4739
 134: 1559
 135: 2183
 136: 4366
 137: 2493
 138: 4986
 139: 2053
 140: 4106
 141: 3298
 142: 6596
 143: 5273
 144: 2627
 145: 5254
 146: 5082
 147: 7423
 148: 6927
 149: 5935
 150: 3951
 151: 3579
 152: 7158
 153: 6397
 154: 4875
 155: 1831
 156: 3662
 157: 7324
 158: 6729
 159: 5539
 160: 3159
 161: 5163
 162: 2407
 163: 4814
 164: 1709
 165: 3418
 166: 6836
 167: 5753
 168: 3587
 169: 7174
 170: 6429
 171: 447
 172: 894
 173: 1788
 174: 3576
 175: 7152
 176: 6385
 177: 4851
 178: 1783
 179: 3566
 180: 7132
 181: 1756
 182: 3512
 183: 7024
 184: 6129
 185: 4339
 186: 759
 187: 1518
 188: 3036
 189: 6072
 190: 4225
 191: 4910
 192: 1901
 193: 3802
 194: 7604
 195: 6412
 196: 4905
 197: 1891
 198: 3782
 199: 7564
 200: 7209
 201: 4655
 202: 1391
 203: 2782
 204: 5564
 205: 3209
 206: 6418
 207: 4917
 208: 1915
 209: 3830
 210: 7660
 211: 7401
 212: 6883
 213: 5847
 214: 3775
 215: 7550
 216: 7181
 217: 6443
 218: 4967
 219: 2015
 220: 4030
 221: 2637
 222: 5274
 223: 2629
 224: 5258
 225: 2597
 226: 5194
 227: 2469
 228: 4938
 229: 1957
 230: 3914
 231: 2700
 232: 5400
 233: 2881
 234: 5762
 235: 3605
 236: 7210
 237: 6501
 238: 5083
 239: 2247
 240: 4494
 241: 5273
 242: 2627
 243: 5254
 244: 2589
 245: 5178
 246: 2437
 247: 4874
 248: 1829
 249: 3658
 250: 7316
 251: 5955
 252: 3991
 253: 63
 254: 126
 255: 252
 256: 504
 257: 1008
 258: 2016
 259: 4032
 260: 145
 261: 6125
 262: 4331
 263: 743
 264: 1486
 265: 2972
 266: 5944
 267: 3969
 268: 19
 269: 38
 270: 76
 271: 5423
 272: 2927
 273: 5854
 274: 3789
 275: 7578
 276: 7237
 277: 6555
 278: 5191
 279: 2463
 280: 4926
 281: 1526
 282: 3052
 283: 6104
 284: 4289
 285: 659
 286: 1318
 287: 2636
 288: 5272
 289: 2625
 290: 5250
 291: 6461
 292: 5003
 293: 2087
 294: 4174
 295: 429
 296: 858
 297: 1716
 298: 3432
 299: 6864
 300: 5809
 301: 3443
 302: 6886
 303: 
