Welcome to the Simple Expression Evaluator.
Enter one expression per line, end with ^D

   1: 1
   2: 3
   3: 7
   4: 15
   5: 31
   6: 63
   7: 127
   8: 255
   9: 511
  10: 1023
  11: 2047
  12: 4095
  13: 272
  14: 545
  15: 1091
  16: 2183
  17: 4367
  18: 816
  19: 1633
  20: 3267
  21: 6535
  22: 5152
  23: 2386
  24: 4773
  25: 1628
  26: 3257
  27: 6515
  28: 5112
  29: 2306
  30: 4613
  31: 1308
  32: 2617
  33: 5235
  34: 2552
  35: 5105
  36: 2292
  37: 4585
  38: 1252
  39: 2505
  40: 5011
  41: 2104
  42: 3
  43: 6312
  44: 
