Welcome to the Simple Expression Evaluator.
Enter one expression per line, end with ^D

   1: 3
   2: 5
   3: 6
   4: 5
   5: 6
   6: 7
   7: 6
   8: 6
   9: 7
  10: 11
  11: 12
  12: 10
  13: 10
  14: 11
  15: 12
  16: 
